
> portfolio-builder@1.0.0 test
> jest

FAIL tests/store/store.test.ts
  ● Portfolio Store › should initialize with default state

    expect(received).toEqual(expected) // deep equality

    - Expected  - 2
    + Received  + 2

    @@ -11,14 +11,14 @@
        "app": Object {
          "name": "Portfolio Builder",
          "version": "1.0.0",
        },
        "metadata": Object {
    -     "createdAt": "2026-08-28T01:18:24.140Z",
    +     "createdAt": "2026-08-28T01:18:24.142Z",
          "generator": "portfolio-builder",
          "language": "en",
    -     "updatedAt": "2026-08-28T01:18:24.140Z",
    +     "updatedAt": "2026-08-28T01:18:24.142Z",
        },
        "portfolio": Object {
          "sections": Array [
            Object {
              "id": "hero",

      19 |     const state = usePortfolioStore.getState();
      20 |     const defaultSession = PortfolioSessionSchema.parse({});
    > 21 |     expect(state.session).toEqual(defaultSession);
         |                           ^
      22 |   });
      23 |
      24 |   it('should update profile', () => {

      at Object.toEqual (tests/store/store.test.ts:21:27)

  ● Portfolio Store › should update profile

    expect(jest.fn()).toHaveBeenCalledWith(...expected)

    Expected: {"ai": {"changes": {"profileBio": false, "projectDescriptions": []}, "mode": null, "provider": null, "used": false}, "app": {"name": "Portfolio Builder", "version": "1.0.0"}, "metadata": {"createdAt": "2026-08-28T01:18:24.148Z", "generator": "portfolio-builder", "language": "en", "updatedAt": "2026-08-28T01:18:24.149Z"}, "portfolio": {"sections": [{"id": "hero", "order": 0, "visible": true}, {"id": "projects", "order": 1, "visible": true}, {"id": "skills", "order": 2, "visible": true}], "settings": {"showAvatar": true, "showGitHubLinks": true, "showProjectImages": true, "showSkillCategories": true}, "template": "minimal", "theme": {"accent": "#FFFFFF", "mode": "dark"}}, "profile": {"bio": "", "headline": "", "name": "John Doe"}, "projects": [], "schemaVersion": 1, "skillGroups": [], "skills": [], "socialLinks": []}

    Number of calls: 0

      26 |     const state = usePortfolioStore.getState();
      27 |     expect(state.session.profile.name).toBe('John Doe');
    > 28 |     expect(saveSession).toHaveBeenCalledWith(state.session);
         |                         ^
      29 |   });
      30 |
      31 |   it('should import valid session JSON', () => {

      at Object.toHaveBeenCalledWith (tests/store/store.test.ts:28:25)

FAIL tests/templates/viewModel.test.ts
  ● ViewModel › should filter only selected projects and skills

    expect(received).toHaveLength(expected)

    Matcher error: received value must have a length property whose value must be a number

    Received has type:  object
    Received has value: {"Other": ["S1"]}

      20 |     expect(viewModel.projects[0].id).toBe('1');
      21 |     
    > 22 |     expect(viewModel.skills).toHaveLength(1);
         |                              ^
      23 |     expect(viewModel.skills[0].id).toBe('1');
      24 |   });
      25 |

      at Object.toHaveLength (tests/templates/viewModel.test.ts:22:30)

  ● ViewModel › should respect section orders

    expect(received).toBe(expected) // Object.is equality

    Expected: "hero"
    Received: undefined

      36 |     const viewModel = buildPortfolioViewModel(session);
      37 |     
    > 38 |     expect(viewModel.sections[0].id).toBe('hero');
         |                                      ^
      39 |     expect(viewModel.sections[1].id).toBe('skills');
      40 |   });
      41 | });

      at Object.toBe (tests/templates/viewModel.test.ts:38:38)

FAIL tests/domain/portfolio/schema.test.ts
  ● PortfolioSession Schema › should parse an empty object and apply defaults

    expect(received).toEqual(expected) // deep equality

    - Expected  - 1
    + Received  + 0

      Object {
        "accent": "#FFFFFF",
        "mode": "dark",
    -   "template": "minimal",
      }

      14 |       expect(result.data.projects).toEqual([]);
      15 |       expect(result.data.skills).toEqual([]);
    > 16 |       expect(result.data.portfolio.theme).toEqual({
         |                                           ^
      17 |         template: 'minimal',
      18 |         mode: 'dark',
      19 |         accent: '#FFFFFF',

      at Object.toEqual (tests/domain/portfolio/schema.test.ts:16:43)

PASS tests/validation.test.ts

ReferenceError: You are trying to `import` a file after the Jest environment has been torn down. From tests/components/ui/button.test.tsx.

      37 |     if (size === 'sm') classes += 'text-sm ';
      38 |     else classes += 'text-base ';
    > 39 |     
         |     ^
      40 |     return classes;
      41 |   };
      42 |

      at Object.get Pressable [as Pressable] (node_modules/react-native/index.js:47:12)
      at Button (src/components/ui/button.tsx:39:45)
      at Object.react_stack_bottom_frame (node_modules/react-test-renderer/cjs/react-test-renderer.development.js:15670:20)
      at renderWithHooks (node_modules/react-test-renderer/cjs/react-test-renderer.development.js:4863:22)
      at updateFunctionComponent (node_modules/react-test-renderer/cjs/react-test-renderer.development.js:7018:19)
      at beginWork (node_modules/react-test-renderer/cjs/react-test-renderer.development.js:8499:18)
      at runWithFiberInDEV (node_modules/react-test-renderer/cjs/react-test-renderer.development.js:2315:13)
      at performUnitOfWork (node_modules/react-test-renderer/cjs/react-test-renderer.development.js:13224:22)
      at workLoopSync (node_modules/react-test-renderer/cjs/react-test-renderer.development.js:13068:41)
      at renderRootSync (node_modules/react-test-renderer/cjs/react-test-renderer.development.js:13049:11)
      at performWorkOnRoot (node_modules/react-test-renderer/cjs/react-test-renderer.development.js:12181:11)
      at performWorkOnRootViaSchedulerTask (node_modules/react-test-renderer/cjs/react-test-renderer.development.js:2908:7)
      at Immediate.performWorkUntilDeadline [as _onImmediate] (node_modules/scheduler/cjs/scheduler.native.development.js:45:48)

ReferenceError: You are trying to `import` a file after the Jest environment has been torn down. From tests/components/ui/button.test.tsx.

      43 |   return (
      44 |     <Pressable
    > 45 |       className={`${getBaseClasses()} ${className || ''}`}
         |                                           ^
      46 |       disabled={disabled || isLoading}
      47 |       {...props}
      48 |     >

      at Object.get Text [as Text] (node_modules/react-native/index.js:73:12)
      at Button (src/components/ui/button.tsx:45:43)
      at Object.react_stack_bottom_frame (node_modules/react-test-renderer/cjs/react-test-renderer.development.js:15670:20)
      at renderWithHooks (node_modules/react-test-renderer/cjs/react-test-renderer.development.js:4863:22)
      at updateFunctionComponent (node_modules/react-test-renderer/cjs/react-test-renderer.development.js:7018:19)
      at beginWork (node_modules/react-test-renderer/cjs/react-test-renderer.development.js:8499:18)
      at runWithFiberInDEV (node_modules/react-test-renderer/cjs/react-test-renderer.development.js:2315:13)
      at performUnitOfWork (node_modules/react-test-renderer/cjs/react-test-renderer.development.js:13224:22)
      at workLoopSync (node_modules/react-test-renderer/cjs/react-test-renderer.development.js:13068:41)
      at renderRootSync (node_modules/react-test-renderer/cjs/react-test-renderer.development.js:13049:11)
      at performWorkOnRoot (node_modules/react-test-renderer/cjs/react-test-renderer.development.js:12181:11)
      at performWorkOnRootViaSchedulerTask (node_modules/react-test-renderer/cjs/react-test-renderer.development.js:2908:7)
      at Immediate.performWorkUntilDeadline [as _onImmediate] (node_modules/scheduler/cjs/scheduler.native.development.js:45:48)

  ●  Cannot log after tests are done. Did you forget to wait for something async in your test?
    Attempted to log "An error occurred in the <Button> component.

    Consider adding an error boundary to your tree to customize error handling behavior.
    Visit https://react.dev/link/error-boundaries to learn more about error boundaries.
    ".

      at console.warn (node_modules/@jest/console/build/BufferedConsole.js:191:10)
      at defaultOnUncaughtError (node_modules/react-test-renderer/cjs/react-test-renderer.development.js:6400:15)
      at logUncaughtError (node_modules/react-test-renderer/cjs/react-test-renderer.development.js:6460:11)
      at runWithFiberInDEV (node_modules/react-test-renderer/cjs/react-test-renderer.development.js:2315:13)
      at lane.callback (node_modules/react-test-renderer/cjs/react-test-renderer.development.js:6490:9)
      at callCallback (node_modules/react-test-renderer/cjs/react-test-renderer.development.js:4625:16)
      at commitCallbacks (node_modules/react-test-renderer/cjs/react-test-renderer.development.js:4645:11)
      at runWithFiberInDEV (node_modules/react-test-renderer/cjs/react-test-renderer.development.js:2315:13)
      at commitLayoutEffectOnFiber (node_modules/react-test-renderer/cjs/react-test-renderer.development.js:10103:15)
      at flushLayoutEffects (node_modules/react-test-renderer/cjs/react-test-renderer.development.js:13774:15)
      at commitRoot (node_modules/react-test-renderer/cjs/react-test-renderer.development.js:13697:9)
      at commitRootWhenReady (node_modules/react-test-renderer/cjs/react-test-renderer.development.js:12444:7)
      at performWorkOnRoot (node_modules/react-test-renderer/cjs/react-test-renderer.development.js:12391:15)
      at performWorkOnRootViaSchedulerTask (node_modules/react-test-renderer/cjs/react-test-renderer.development.js:2908:7)
      at Immediate.performWorkUntilDeadline [as _onImmediate] (node_modules/scheduler/cjs/scheduler.native.development.js:45:48)

PASS tests/components/ui/button.test.tsx
  ● Console

    console.error
      An update to Root inside a test was not wrapped in act(...).
      
      When testing, code that causes React state updates should be wrapped into act(...):
      
      act(() => {
        /* fire events that update state */
      });
      /* assert on the output */
      
      This ensures that you're testing the behavior the user would see in the browser. Learn more at https://react.dev/link/wrap-tests-with-act

       6 | describe('Button Component', () => {
       7 |   it('renders correctly', () => {
    >  8 |     const tree = renderer.create(
         |                           ^
       9 |       <Button>
      10 |         <Text>Click Me!</Text>
      11 |       </Button>

      at node_modules/react-test-renderer/cjs/react-test-renderer.development.js:14402:19
      at runWithFiberInDEV (node_modules/react-test-renderer/cjs/react-test-renderer.development.js:2315:13)
      at warnIfUpdatesNotWrappedWithActDEV (node_modules/react-test-renderer/cjs/react-test-renderer.development.js:14401:9)
      at scheduleUpdateOnFiber (node_modules/react-test-renderer/cjs/react-test-renderer.development.js:12086:9)
      at updateContainerImpl (node_modules/react-test-renderer/cjs/react-test-renderer.development.js:14984:9)
      at updateContainer (node_modules/react-test-renderer/cjs/react-test-renderer.development.js:14927:7)
      at Object.<anonymous>.process.env.NODE_ENV.exports.create (node_modules/react-test-renderer/cjs/react-test-renderer.development.js:17369:7)
      at Object.create (tests/components/ui/button.test.tsx:8:27)

PASS tests/services/github/github-manifests.test.ts
FAIL tests/store/portfolioStore.test.ts
  ● Portfolio Store › should update profile and change updatedAt

    expect(received).not.toBe(expected) // Object.is equality

    Expected: not "2026-08-28T01:18:24.539Z"

      20 |     const state = usePortfolioStore.getState();
      21 |     expect(state.session.profile.name).toBe('Alex');
    > 22 |     expect(state.session.metadata.updatedAt).not.toBe(initialUpdatedAt);
         |                                                  ^
      23 |   });
      24 |
      25 |   it('should add and remove a project', () => {

      at Object.toBe (tests/store/portfolioStore.test.ts:22:50)

PASS tests/domain/session.test.ts

ReferenceError: You are trying to `import` a file after the Jest environment has been torn down. From tests/components/ui/language-selector.test.tsx.

      17 |     <Pressable 
      18 |       onPress={toggleLanguage}
    > 19 |       className="flex-row items-center bg-[#111] rounded-full px-3 py-1.5 border border-border"
         |                                             ^
      20 |     >
      21 |       <Globe color="#888" size={12} className="mr-2" />
      22 |       <Text className="text-text-secondary text-[10px] font-bold uppercase tracking-wider">

      at Object.get Pressable [as Pressable] (node_modules/react-native/index.js:47:12)
      at LanguageSelector (src/components/ui/language-selector.tsx:19:45)
      at Object.react_stack_bottom_frame (node_modules/react-test-renderer/cjs/react-test-renderer.development.js:15670:20)
      at renderWithHooks (node_modules/react-test-renderer/cjs/react-test-renderer.development.js:4863:22)
      at updateFunctionComponent (node_modules/react-test-renderer/cjs/react-test-renderer.development.js:7018:19)
      at beginWork (node_modules/react-test-renderer/cjs/react-test-renderer.development.js:8499:18)
      at runWithFiberInDEV (node_modules/react-test-renderer/cjs/react-test-renderer.development.js:2315:13)
      at performUnitOfWork (node_modules/react-test-renderer/cjs/react-test-renderer.development.js:13224:22)
      at workLoopSync (node_modules/react-test-renderer/cjs/react-test-renderer.development.js:13068:41)
      at renderRootSync (node_modules/react-test-renderer/cjs/react-test-renderer.development.js:13049:11)
      at performWorkOnRoot (node_modules/react-test-renderer/cjs/react-test-renderer.development.js:12181:11)
      at performWorkOnRootViaSchedulerTask (node_modules/react-test-renderer/cjs/react-test-renderer.development.js:2908:7)
      at Immediate.performWorkUntilDeadline [as _onImmediate] (node_modules/scheduler/cjs/scheduler.native.development.js:45:48)

ReferenceError: You are trying to `import` a file after the Jest environment has been torn down. From tests/components/ui/language-selector.test.tsx.

      24 |       </Text>
      25 |     </Pressable>
    > 26 |   );
         |     ^
      27 | }
      28 |

      at Object.get Text [as Text] (node_modules/react-native/index.js:73:12)
      at LanguageSelector (src/components/ui/language-selector.tsx:26:43)
      at Object.react_stack_bottom_frame (node_modules/react-test-renderer/cjs/react-test-renderer.development.js:15670:20)
      at renderWithHooks (node_modules/react-test-renderer/cjs/react-test-renderer.development.js:4863:22)
      at updateFunctionComponent (node_modules/react-test-renderer/cjs/react-test-renderer.development.js:7018:19)
      at beginWork (node_modules/react-test-renderer/cjs/react-test-renderer.development.js:8499:18)
      at runWithFiberInDEV (node_modules/react-test-renderer/cjs/react-test-renderer.development.js:2315:13)
      at performUnitOfWork (node_modules/react-test-renderer/cjs/react-test-renderer.development.js:13224:22)
      at workLoopSync (node_modules/react-test-renderer/cjs/react-test-renderer.development.js:13068:41)
      at renderRootSync (node_modules/react-test-renderer/cjs/react-test-renderer.development.js:13049:11)
      at performWorkOnRoot (node_modules/react-test-renderer/cjs/react-test-renderer.development.js:12181:11)
      at performWorkOnRootViaSchedulerTask (node_modules/react-test-renderer/cjs/react-test-renderer.development.js:2908:7)
      at Immediate.performWorkUntilDeadline [as _onImmediate] (node_modules/scheduler/cjs/scheduler.native.development.js:45:48)

  ●  Cannot log after tests are done. Did you forget to wait for something async in your test?
    Attempted to log "An error occurred in the <LanguageSelector> component.

    Consider adding an error boundary to your tree to customize error handling behavior.
    Visit https://react.dev/link/error-boundaries to learn more about error boundaries.
    ".

      at console.warn (node_modules/@jest/console/build/BufferedConsole.js:191:10)
      at defaultOnUncaughtError (node_modules/react-test-renderer/cjs/react-test-renderer.development.js:6400:15)
      at logUncaughtError (node_modules/react-test-renderer/cjs/react-test-renderer.development.js:6460:11)
      at runWithFiberInDEV (node_modules/react-test-renderer/cjs/react-test-renderer.development.js:2315:13)
      at lane.callback (node_modules/react-test-renderer/cjs/react-test-renderer.development.js:6490:9)
      at callCallback (node_modules/react-test-renderer/cjs/react-test-renderer.development.js:4625:16)
      at commitCallbacks (node_modules/react-test-renderer/cjs/react-test-renderer.development.js:4645:11)
      at runWithFiberInDEV (node_modules/react-test-renderer/cjs/react-test-renderer.development.js:2315:13)
      at commitLayoutEffectOnFiber (node_modules/react-test-renderer/cjs/react-test-renderer.development.js:10103:15)
      at flushLayoutEffects (node_modules/react-test-renderer/cjs/react-test-renderer.development.js:13774:15)
      at commitRoot (node_modules/react-test-renderer/cjs/react-test-renderer.development.js:13697:9)
      at commitRootWhenReady (node_modules/react-test-renderer/cjs/react-test-renderer.development.js:12444:7)
      at performWorkOnRoot (node_modules/react-test-renderer/cjs/react-test-renderer.development.js:12391:15)
      at performWorkOnRootViaSchedulerTask (node_modules/react-test-renderer/cjs/react-test-renderer.development.js:2908:7)
      at Immediate.performWorkUntilDeadline [as _onImmediate] (node_modules/scheduler/cjs/scheduler.native.development.js:45:48)

PASS tests/components/ui/language-selector.test.tsx
  ● Console

    console.error
      An update to Root inside a test was not wrapped in act(...).
      
      When testing, code that causes React state updates should be wrapped into act(...):
      
      act(() => {
        /* fire events that update state */
      });
      /* assert on the output */
      
      This ensures that you're testing the behavior the user would see in the browser. Learn more at https://react.dev/link/wrap-tests-with-act

      17 |     });
      18 |
    > 19 |     const tree = renderer.create(<LanguageSelector />).toJSON();
         |                           ^
      20 |     expect(tree).toMatchSnapshot();
      21 |   });
      22 |

      at node_modules/react-test-renderer/cjs/react-test-renderer.development.js:14402:19
      at runWithFiberInDEV (node_modules/react-test-renderer/cjs/react-test-renderer.development.js:2315:13)
      at warnIfUpdatesNotWrappedWithActDEV (node_modules/react-test-renderer/cjs/react-test-renderer.development.js:14401:9)
      at scheduleUpdateOnFiber (node_modules/react-test-renderer/cjs/react-test-renderer.development.js:12086:9)
      at updateContainerImpl (node_modules/react-test-renderer/cjs/react-test-renderer.development.js:14984:9)
      at updateContainer (node_modules/react-test-renderer/cjs/react-test-renderer.development.js:14927:7)
      at Object.<anonymous>.process.env.NODE_ENV.exports.create (node_modules/react-test-renderer/cjs/react-test-renderer.development.js:17369:7)
      at Object.create (tests/components/ui/language-selector.test.tsx:19:27)

    console.error
      An update to Root inside a test was not wrapped in act(...).
      
      When testing, code that causes React state updates should be wrapped into act(...):
      
      act(() => {
        /* fire events that update state */
      });
      /* assert on the output */
      
      This ensures that you're testing the behavior the user would see in the browser. Learn more at https://react.dev/link/wrap-tests-with-act

      29 |     });
      30 |
    > 31 |     const tree = renderer.create(<LanguageSelector />).toJSON();
         |                           ^
      32 |     expect(tree).toMatchSnapshot();
      33 |   });
      34 | });

      at node_modules/react-test-renderer/cjs/react-test-renderer.development.js:14402:19
      at runWithFiberInDEV (node_modules/react-test-renderer/cjs/react-test-renderer.development.js:2315:13)
      at warnIfUpdatesNotWrappedWithActDEV (node_modules/react-test-renderer/cjs/react-test-renderer.development.js:14401:9)
      at scheduleUpdateOnFiber (node_modules/react-test-renderer/cjs/react-test-renderer.development.js:12086:9)
      at updateContainerImpl (node_modules/react-test-renderer/cjs/react-test-renderer.development.js:14984:9)
      at updateContainer (node_modules/react-test-renderer/cjs/react-test-renderer.development.js:14927:7)
      at Object.<anonymous>.process.env.NODE_ENV.exports.create (node_modules/react-test-renderer/cjs/react-test-renderer.development.js:17369:7)
      at Object.create (tests/components/ui/language-selector.test.tsx:31:27)


  ●  Cannot log after tests are done. Did you forget to wait for something async in your test?
    Attempted to log "An error occurred in the <LanguageSelector> component.

    Consider adding an error boundary to your tree to customize error handling behavior.
    Visit https://react.dev/link/error-boundaries to learn more about error boundaries.
    ".

      at console.warn (node_modules/@jest/console/build/BufferedConsole.js:191:10)
      at defaultOnUncaughtError (node_modules/react-test-renderer/cjs/react-test-renderer.development.js:6400:15)
      at logUncaughtError (node_modules/react-test-renderer/cjs/react-test-renderer.development.js:6460:11)
      at runWithFiberInDEV (node_modules/react-test-renderer/cjs/react-test-renderer.development.js:2315:13)
      at lane.callback (node_modules/react-test-renderer/cjs/react-test-renderer.development.js:6490:9)
      at callCallback (node_modules/react-test-renderer/cjs/react-test-renderer.development.js:4625:16)
      at commitCallbacks (node_modules/react-test-renderer/cjs/react-test-renderer.development.js:4645:11)
      at runWithFiberInDEV (node_modules/react-test-renderer/cjs/react-test-renderer.development.js:2315:13)
      at commitLayoutEffectOnFiber (node_modules/react-test-renderer/cjs/react-test-renderer.development.js:10103:15)
      at flushLayoutEffects (node_modules/react-test-renderer/cjs/react-test-renderer.development.js:13774:15)
      at commitRoot (node_modules/react-test-renderer/cjs/react-test-renderer.development.js:13697:9)
      at commitRootWhenReady (node_modules/react-test-renderer/cjs/react-test-renderer.development.js:12444:7)
      at performWorkOnRoot (node_modules/react-test-renderer/cjs/react-test-renderer.development.js:12391:15)
      at performWorkOnRootViaSchedulerTask (node_modules/react-test-renderer/cjs/react-test-renderer.development.js:2908:7)
      at Immediate.performWorkUntilDeadline [as _onImmediate] (node_modules/scheduler/cjs/scheduler.native.development.js:45:48)

PASS tests/services/github/github-adapter.test.ts
PASS tests/services/github/github-client.test.ts

Test Suites: 4 failed, 7 passed, 11 total
Tests:       6 failed, 27 passed, 33 total
Snapshots:   3 passed, 3 total
Time:        0.777 s, estimated 1 s
Ran all test suites.
